../Core/Src/main.c:203:6:SystemClock_Config	96	static,ignoring_inline_asm
../Core/Src/main.c:375:6:Player1_position	0	static
../Core/Src/main.c:384:5:Player1_move	8	static
../Core/Src/main.c:135:5:main	64	static,ignoring_inline_asm
../Core/Src/main.c:403:5:Player1_shoot	8	static
../Core/Src/main.c:418:5:Player1_select	8	static
../Core/Src/main.c:434:5:Player2_move	8	static
../Core/Src/main.c:450:5:Player2_shoot	8	static
../Core/Src/main.c:462:5:Player2_select	8	static
../Core/Src/main.c:479:6:Error_Handler	0	static,ignoring_inline_asm
