../Core/Src/main.c:114:5:main	8	static
../Core/Src/main.c:169:6:SystemClock_Config	80	static
../Core/Src/main.c:208:13:MX_TIM16_Init	8	static
../Core/Src/main.c:240:13:MX_USART2_UART_Init	8	static
../Core/Src/main.c:275:13:MX_GPIO_Init	56	static
../Core/Src/main.c:325:6:Player1_position	24	static
../Core/Src/main.c:334:5:Player1_move	8	static
../Core/Src/main.c:359:5:Player1_shoot	8	static
../Core/Src/main.c:374:5:Player1_select	8	static
../Core/Src/main.c:390:5:Player2_move	8	static
../Core/Src/main.c:406:5:Player2_shoot	8	static
../Core/Src/main.c:418:5:Player2_select	8	static
../Core/Src/main.c:435:6:Error_Handler	8	static,ignoring_inline_asm
