../Core/Src/main.c:141:5:main	8	static
../Core/Src/main.c:209:6:SystemClock_Config	96	static
../Core/Src/main.c:255:13:MX_TIM16_Init	8	static
../Core/Src/main.c:287:13:MX_USART1_UART_Init	8	static
../Core/Src/main.c:322:13:MX_USART2_UART_Init	8	static
../Core/Src/main.c:357:13:MX_GPIO_Init	56	static
../Core/Src/main.c:408:6:Player1_position	24	static
../Core/Src/main.c:417:5:Player1_move	8	static
../Core/Src/main.c:436:5:Player1_shoot	8	static
../Core/Src/main.c:451:5:Player1_select	8	static
../Core/Src/main.c:467:5:Player2_move	8	static
../Core/Src/main.c:483:5:Player2_shoot	8	static
../Core/Src/main.c:495:5:Player2_select	8	static
../Core/Src/main.c:510:5:fpgaTransmit	24	static
../Core/Src/main.c:525:6:Error_Handler	8	static,ignoring_inline_asm
